[htmlbeans.com/html/swan/home.html]
[backblue.gif]
[fade.gif]
[index.html]
[htmlbeans.com/html/swan/css/bootstrap.css]
[htmlbeans.com/html/swan/css/fonts-icons.css]
[htmlbeans.com/html/swan/css/plugin-resets.css]
[htmlbeans.com/html/swan/style.css]
[htmlbeans.com/html/swan/css/responsive.css]
[htmlbeans.com/html/swan/images/logo.png]
[htmlbeans.com/html/swan/images/img05.jpg]
[htmlbeans.com/html/swan/images/arrow.png]
[htmlbeans.com/html/swan/images/img02.jpg]
[htmlbeans.com/html/swan/images/img04.jpg]
[htmlbeans.com/html/swan/images/img03.jpg]
[htmlbeans.com/html/swan/images/img01.jpg]
[htmlbeans.com/html/swan/js/jquery.js]
[htmlbeans.com/html/swan/js/plugins.js]
[htmlbeans.com/html/swan/home.html]
[htmlbeans.com/html/swan/js/jquery.main.js]
[htmlbeans.com/html/swan/fonts/bootstrap/glyphicons-halflings-regular.eot]
[htmlbeans.com/html/swan/fonts/bootstrap/glyphicons-halflings-regulard41d.eot]
[htmlbeans.com/html/swan/fonts/bootstrap/glyphicons-halflings-regular.woff2]
[htmlbeans.com/html/swan/fonts/bootstrap/glyphicons-halflings-regular.woff]
[htmlbeans.com/html/swan/fonts/bootstrap/glyphicons-halflings-regular.ttf]
[htmlbeans.com/html/swan/fonts/bootstrap/glyphicons-halflings-regular.svg]
[htmlbeans.com/html/swan/css/bootstrap.css]
[htmlbeans.com/html/swan/fonts/icomoon3b77.eot]
[htmlbeans.com/html/swan/fonts/icomoon3b77.ttf]
[htmlbeans.com/html/swan/fonts/icomoon3b77.woff]
[htmlbeans.com/html/swan/fonts/icomoon3b77.svg]
[htmlbeans.com/html/swan/fonts/fontawesome-webfont3295.eot]
[htmlbeans.com/html/swan/fonts/fontawesome-webfontd41d.eot]
[htmlbeans.com/html/swan/fonts/fontawesome-webfont3295.woff2]
[htmlbeans.com/html/swan/fonts/fontawesome-webfont3295.woff]
[htmlbeans.com/html/swan/fonts/fontawesome-webfont3295.ttf]
[htmlbeans.com/html/swan/css/fonts-icons.css]
[htmlbeans.com/html/swan/fonts/fontawesome-webfont3295.svg]
[htmlbeans.com/html/swan/images/fancybox/fancybox_sprite.png]
[htmlbeans.com/html/swan/images/fancybox/fancybox_loading.gif]
[htmlbeans.com/html/swan/images/fancybox/blank.gif]
[htmlbeans.com/html/swan/images/fancybox/fancybox_overlay.png]
[htmlbeans.com/html/swan/images/fancybox/fancybox_sprite@2x.png]
[htmlbeans.com/html/swan/images/fancybox/fancybox_loading@2x.gif]
[htmlbeans.com/html/swan/css/overlays/02.png]
[htmlbeans.com/html/swan/css/plugin-resets.css]
[htmlbeans.com/html/swan/images/divider.png]
[htmlbeans.com/html/swan/images/divider2.png]
[htmlbeans.com/html/swan/images/patterns/pattern1.png]
[htmlbeans.com/html/swan/images/patterns/pattern2.png]
[htmlbeans.com/html/swan/images/patterns/pattern3.png]
[htmlbeans.com/html/swan/images/patterns/pattern4.png]
[htmlbeans.com/html/swan/images/patterns/pattern5.png]
[htmlbeans.com/html/swan/images/patterns/pattern6.png]
[htmlbeans.com/html/swan/images/patterns/pattern7.png]
[htmlbeans.com/html/swan/images/patterns/pattern8.png]
[htmlbeans.com/html/swan/images/patterns/pattern9.png]
[htmlbeans.com/html/swan/images/patterns/pattern10.png]
[htmlbeans.com/html/swan/images/patterns/pattern11.png]
[htmlbeans.com/html/swan/images/patterns/pattern12.png]
[htmlbeans.com/html/swan/images/patterns/pattern13.png]
[htmlbeans.com/html/swan/images/patterns/pattern14.png]
[htmlbeans.com/html/swan/style.css]
[htmlbeans.com/html/swan/css/responsive.css]
[htmlbeans.com/html/swan/css/color.css]
[htmlbeans.com/html/swan/js/jquery.js]
[htmlbeans.com/html/swan/Popover requires tooltip.js]
[htmlbeans.com/html/swan/js/plugins.js]
[htmlbeans.com/html/swan/js/jquery.main.js]
[htmlbeans.com/html/swan/fonts/bootstrap/glyphicons-halflings-regular.svg]
[htmlbeans.com/html/swan/fonts/icomoon3b77.svg]
[htmlbeans.com/html/swan/fonts/fontawesome-webfont3295.svg]
[htmlbeans.com/html/swan/css/overlays/02.html]
[htmlbeans.com/html/swan/Popover requires tooltip.html]
